<html>
<body>
<pre>
<h1>µVision Build Log</h1>
<h2>Tool Versions:</h2>
IDE-Version: µVision V5.31.0.0
Copyright (C) 2020 ARM Ltd and ARM Germany GmbH. All rights reserved.
License Information: Alex Mos, NTMP, LIC=KRMW3-ANDAY-EVW1R-KT4FY-ZLP2I-QJC53
 
Tool Versions:
Toolchain:       MDK-ARM Plus  Version: 5.31.0.0
Toolchain Path:  C:\Keil_v5\ARM\ARMCC\Bin
C Compiler:      Armcc.exe V5.06 update 6 (build 750)
Assembler:       Armasm.exe V5.06 update 6 (build 750)
Linker/Locator:  ArmLink.exe V5.06 update 6 (build 750)
Library Manager: ArmAr.exe V5.06 update 6 (build 750)
Hex Converter:   FromElf.exe V5.06 update 6 (build 750)
CPU DLL:         SARMCM3.DLL V5.31.0.0
Dialog DLL:      DCM.DLL V1.17.3.0
Target DLL:      STLink\ST-LINKIII-KEIL_SWO.dll V3.0.7.0
Dialog DLL:      TCM.DLL V1.46.0.0
 
<h2>Project:</h2>
D:\1 GIT ReceiverRTL1090\DOC\STM32f407_SD_LSD +EmWin + Tach\STM32f407_SD_LSD +EmWin + Tach\Example3.uvprojx
Project File Date:  10/06/2024

<h2>Output:</h2>
*** Using Compiler 'V5.06 update 6 (build 750)', folder: 'C:\Keil_v5\ARM\ARMCC\Bin'
Build target 'stm32f407'
assembling startup_stm32f4xx.s...
compiling stm32f4xx_cryp_des.c...
compiling stm32f4xx_crc.c...
compiling stm32f4xx_cryp_tdes.c...
compiling misc.c...
compiling system_stm32f4xx.c...
compiling stm32f4xx_cryp.c...
compiling stm32f4xx_adc.c...
compiling stm32f4xx_dac.c...
compiling stm32f4xx_can.c...
compiling stm32f4xx_cryp_aes.c...
compiling main.c...
sourse\main.c(61): warning:  #111-D: statement is unreachable
    return 1;
sourse\main.c: 1 warning, 0 errors
compiling stm32f4xx_dbgmcu.c...
compiling stm32f4xx_exti.c...
compiling stm32f4xx_dcmi.c...
compiling stm32f4xx_dma.c...
compiling stm32f4xx_dma2d.c...
compiling stm32f4xx_gpio.c...
compiling stm32f4xx_hash.c...
compiling stm32f4xx_flash.c...
compiling stm32f4xx_fsmc.c...
compiling stm32f4xx_hash_md5.c...
compiling stm32f4xx_hash_sha1.c...
compiling stm32f4xx_iwdg.c...
compiling stm32f4xx_i2c.c...
compiling stm32f4xx_rng.c...
compiling stm32f4xx_ltdc.c...
compiling stm32f4xx_pwr.c...
compiling stm32f4xx_sdio.c...
compiling stm32f4xx_sai.c...
compiling stm32f4xx_rcc.c...
compiling stm32f4xx_spi.c...
compiling stm32f4xx_syscfg.c...
compiling stm32f4xx_rtc.c...
compiling GUIConf.c...
compiling GUI_X.c...
compiling Arial16.c...
compiling WindowDLG.c...
compiling stm32f4xx_usart.c...
compiling stm32f4xx_wwdg.c...
compiling fonts.c...
compiling GUIDEMO.c...
compiling GUIDEMO_AntialiasedText.c...
compiling stm32f4xx_tim.c...
compiling LCD_ini.c...
compiling TouchPanel.c...
compiling tft_lcd.c...
compiling LCDConf_FlexColor.c...
compiling GUIDEMO_Bitmap.c...
compiling GUIDEMO_Conf.c...
compiling GUIDEMO_ColorBar.c...
compiling GUIDEMO_BarGraph.c...
compiling GUIDEMO_Automotive.c...
compiling GUIDEMO_Cursor.c...
compiling GUIDEMO_Graph.c...
compiling GUIDEMO_Fading.c...
compiling GUIDEMO_Intro.c...
compiling GUIDEMO_Speedometer.c...
compiling GUIDEMO_Listview.c...
compiling GUIDEMO_Speed.c...
compiling GUIDEMO_Start.c...
compiling GUIDEMO_Resource.c...
compiling GUIDEMO_RadialMenu.c...
compiling GUIDEMO_ImageFlow.c...
compiling GUIDEMO_Skinning.c...
compiling GUIDEMO_TransparentDialog.c...
compiling GUIDEMO_IconView.c...
compiling GUIDEMO_WashingMachine.c...
compiling GUIDEMO_VScreen.c...
compiling GUIDEMO_Treeview.c...
compiling GUIDEMO_ZoomAndRotate.c...
linking...
Program Size: Code=176790 RO-data=702562 RW-data=5404 ZI-data=79300  
".\output\Example3.axf" - 0 Error(s), 1 Warning(s).

<h2>Software Packages used:</h2>

Package Vendor: Keil
                http://www.keil.com/pack/Keil.STM32F4xx_DFP.2.13.0.pack
                Keil.STM32F4xx_DFP.2.13.0
                STMicroelectronics STM32F4 Series Device Support, Drivers and Examples

<h2>Collection of Component include folders:</h2>
  C:\Users\Alex\AppData\Local\Arm\Packs\Keil\STM32F4xx_DFP\2.13.0\Drivers\CMSIS\Device\ST\STM32F4xx\Include

<h2>Collection of Component Files used:</h2>
Build Time Elapsed:  00:00:03
</pre>
</body>
</html>
